------------------------------------------------------------
Timing Analyzer Summary
------------------------------------------------------------

Type  : Slow 1100mV 85C Model Setup 'clk_vga'
Slack : -10.915
TNS   : -261.707

Type  : Slow 1100mV 85C Model Setup 'CLOCK_50'
Slack : 7.251
TNS   : 0.000

Type  : Slow 1100mV 85C Model Setup 'U1|VGA_MOD|VGA|mypll|altpll_component|auto_generated|generic_pll1~PLL_OUTPUT_COUNTER|divclk'
Slack : 34.747
TNS   : 0.000

Type  : Slow 1100mV 85C Model Hold 'CLOCK_50'
Slack : 0.322
TNS   : 0.000

Type  : Slow 1100mV 85C Model Hold 'U1|VGA_MOD|VGA|mypll|altpll_component|auto_generated|generic_pll1~PLL_OUTPUT_COUNTER|divclk'
Slack : 0.416
TNS   : 0.000

Type  : Slow 1100mV 85C Model Hold 'clk_vga'
Slack : 4.090
TNS   : 0.000

Type  : Slow 1100mV 85C Model Minimum Pulse Width 'U1|VGA_MOD|VGA|mypll|altpll_component|auto_generated|generic_pll1~FRACTIONAL_PLL|vcoph[0]'
Slack : 1.666
TNS   : 0.000

Type  : Slow 1100mV 85C Model Minimum Pulse Width 'CLOCK_50'
Slack : 8.923
TNS   : 0.000

Type  : Slow 1100mV 85C Model Minimum Pulse Width 'U1|VGA_MOD|VGA|mypll|altpll_component|auto_generated|generic_pll1~PLL_OUTPUT_COUNTER|divclk'
Slack : 18.749
TNS   : 0.000

Type  : Slow 1100mV 0C Model Setup 'clk_vga'
Slack : -10.538
TNS   : -253.465

Type  : Slow 1100mV 0C Model Setup 'CLOCK_50'
Slack : 7.215
TNS   : 0.000

Type  : Slow 1100mV 0C Model Setup 'U1|VGA_MOD|VGA|mypll|altpll_component|auto_generated|generic_pll1~PLL_OUTPUT_COUNTER|divclk'
Slack : 34.865
TNS   : 0.000

Type  : Slow 1100mV 0C Model Hold 'CLOCK_50'
Slack : 0.299
TNS   : 0.000

Type  : Slow 1100mV 0C Model Hold 'U1|VGA_MOD|VGA|mypll|altpll_component|auto_generated|generic_pll1~PLL_OUTPUT_COUNTER|divclk'
Slack : 0.395
TNS   : 0.000

Type  : Slow 1100mV 0C Model Hold 'clk_vga'
Slack : 3.901
TNS   : 0.000

Type  : Slow 1100mV 0C Model Minimum Pulse Width 'U1|VGA_MOD|VGA|mypll|altpll_component|auto_generated|generic_pll1~FRACTIONAL_PLL|vcoph[0]'
Slack : 1.666
TNS   : 0.000

Type  : Slow 1100mV 0C Model Minimum Pulse Width 'CLOCK_50'
Slack : 8.954
TNS   : 0.000

Type  : Slow 1100mV 0C Model Minimum Pulse Width 'U1|VGA_MOD|VGA|mypll|altpll_component|auto_generated|generic_pll1~PLL_OUTPUT_COUNTER|divclk'
Slack : 18.734
TNS   : 0.000

Type  : Fast 1100mV 85C Model Setup 'clk_vga'
Slack : -6.593
TNS   : -159.943

Type  : Fast 1100mV 85C Model Setup 'CLOCK_50'
Slack : 12.743
TNS   : 0.000

Type  : Fast 1100mV 85C Model Setup 'U1|VGA_MOD|VGA|mypll|altpll_component|auto_generated|generic_pll1~PLL_OUTPUT_COUNTER|divclk'
Slack : 36.679
TNS   : 0.000

Type  : Fast 1100mV 85C Model Hold 'CLOCK_50'
Slack : 0.178
TNS   : 0.000

Type  : Fast 1100mV 85C Model Hold 'U1|VGA_MOD|VGA|mypll|altpll_component|auto_generated|generic_pll1~PLL_OUTPUT_COUNTER|divclk'
Slack : 0.230
TNS   : 0.000

Type  : Fast 1100mV 85C Model Hold 'clk_vga'
Slack : 1.959
TNS   : 0.000

Type  : Fast 1100mV 85C Model Minimum Pulse Width 'U1|VGA_MOD|VGA|mypll|altpll_component|auto_generated|generic_pll1~FRACTIONAL_PLL|vcoph[0]'
Slack : 1.666
TNS   : 0.000

Type  : Fast 1100mV 85C Model Minimum Pulse Width 'CLOCK_50'
Slack : 8.505
TNS   : 0.000

Type  : Fast 1100mV 85C Model Minimum Pulse Width 'U1|VGA_MOD|VGA|mypll|altpll_component|auto_generated|generic_pll1~PLL_OUTPUT_COUNTER|divclk'
Slack : 18.875
TNS   : 0.000

Type  : Fast 1100mV 0C Model Setup 'clk_vga'
Slack : -6.159
TNS   : -148.761

Type  : Fast 1100mV 0C Model Setup 'CLOCK_50'
Slack : 13.315
TNS   : 0.000

Type  : Fast 1100mV 0C Model Setup 'U1|VGA_MOD|VGA|mypll|altpll_component|auto_generated|generic_pll1~PLL_OUTPUT_COUNTER|divclk'
Slack : 37.004
TNS   : 0.000

Type  : Fast 1100mV 0C Model Hold 'CLOCK_50'
Slack : 0.169
TNS   : 0.000

Type  : Fast 1100mV 0C Model Hold 'U1|VGA_MOD|VGA|mypll|altpll_component|auto_generated|generic_pll1~PLL_OUTPUT_COUNTER|divclk'
Slack : 0.199
TNS   : 0.000

Type  : Fast 1100mV 0C Model Hold 'clk_vga'
Slack : 1.676
TNS   : 0.000

Type  : Fast 1100mV 0C Model Minimum Pulse Width 'U1|VGA_MOD|VGA|mypll|altpll_component|auto_generated|generic_pll1~FRACTIONAL_PLL|vcoph[0]'
Slack : 1.666
TNS   : 0.000

Type  : Fast 1100mV 0C Model Minimum Pulse Width 'CLOCK_50'
Slack : 8.457
TNS   : 0.000

Type  : Fast 1100mV 0C Model Minimum Pulse Width 'U1|VGA_MOD|VGA|mypll|altpll_component|auto_generated|generic_pll1~PLL_OUTPUT_COUNTER|divclk'
Slack : 18.879
TNS   : 0.000

------------------------------------------------------------
