------------------------------------------------------------
Timing Analyzer Summary
------------------------------------------------------------

Type  : Slow 1100mV 85C Model Setup 'clk_vga'
Slack : -10.791
TNS   : -258.963

Type  : Slow 1100mV 85C Model Setup 'CLOCK_50'
Slack : 8.143
TNS   : 0.000

Type  : Slow 1100mV 85C Model Setup 'U1|VGA_MOD|VGA|mypll|altpll_component|auto_generated|generic_pll1~PLL_OUTPUT_COUNTER|divclk'
Slack : 35.523
TNS   : 0.000

Type  : Slow 1100mV 85C Model Hold 'CLOCK_50'
Slack : 0.365
TNS   : 0.000

Type  : Slow 1100mV 85C Model Hold 'U1|VGA_MOD|VGA|mypll|altpll_component|auto_generated|generic_pll1~PLL_OUTPUT_COUNTER|divclk'
Slack : 0.427
TNS   : 0.000

Type  : Slow 1100mV 85C Model Hold 'clk_vga'
Slack : 4.090
TNS   : 0.000

Type  : Slow 1100mV 85C Model Minimum Pulse Width 'U1|VGA_MOD|VGA|mypll|altpll_component|auto_generated|generic_pll1~FRACTIONAL_PLL|vcoph[0]'
Slack : 1.666
TNS   : 0.000

Type  : Slow 1100mV 85C Model Minimum Pulse Width 'CLOCK_50'
Slack : 8.927
TNS   : 0.000

Type  : Slow 1100mV 85C Model Minimum Pulse Width 'U1|VGA_MOD|VGA|mypll|altpll_component|auto_generated|generic_pll1~PLL_OUTPUT_COUNTER|divclk'
Slack : 18.749
TNS   : 0.000

Type  : Slow 1100mV 0C Model Setup 'clk_vga'
Slack : -10.473
TNS   : -251.214

Type  : Slow 1100mV 0C Model Setup 'CLOCK_50'
Slack : 8.690
TNS   : 0.000

Type  : Slow 1100mV 0C Model Setup 'U1|VGA_MOD|VGA|mypll|altpll_component|auto_generated|generic_pll1~PLL_OUTPUT_COUNTER|divclk'
Slack : 35.586
TNS   : 0.000

Type  : Slow 1100mV 0C Model Hold 'CLOCK_50'
Slack : 0.367
TNS   : 0.000

Type  : Slow 1100mV 0C Model Hold 'U1|VGA_MOD|VGA|mypll|altpll_component|auto_generated|generic_pll1~PLL_OUTPUT_COUNTER|divclk'
Slack : 0.406
TNS   : 0.000

Type  : Slow 1100mV 0C Model Hold 'clk_vga'
Slack : 3.901
TNS   : 0.000

Type  : Slow 1100mV 0C Model Minimum Pulse Width 'U1|VGA_MOD|VGA|mypll|altpll_component|auto_generated|generic_pll1~FRACTIONAL_PLL|vcoph[0]'
Slack : 1.666
TNS   : 0.000

Type  : Slow 1100mV 0C Model Minimum Pulse Width 'CLOCK_50'
Slack : 8.956
TNS   : 0.000

Type  : Slow 1100mV 0C Model Minimum Pulse Width 'U1|VGA_MOD|VGA|mypll|altpll_component|auto_generated|generic_pll1~PLL_OUTPUT_COUNTER|divclk'
Slack : 18.734
TNS   : 0.000

Type  : Fast 1100mV 85C Model Setup 'clk_vga'
Slack : -6.708
TNS   : -160.030

Type  : Fast 1100mV 85C Model Setup 'CLOCK_50'
Slack : 11.495
TNS   : 0.000

Type  : Fast 1100mV 85C Model Setup 'U1|VGA_MOD|VGA|mypll|altpll_component|auto_generated|generic_pll1~PLL_OUTPUT_COUNTER|divclk'
Slack : 37.357
TNS   : 0.000

Type  : Fast 1100mV 85C Model Hold 'CLOCK_50'
Slack : 0.179
TNS   : 0.000

Type  : Fast 1100mV 85C Model Hold 'U1|VGA_MOD|VGA|mypll|altpll_component|auto_generated|generic_pll1~PLL_OUTPUT_COUNTER|divclk'
Slack : 0.246
TNS   : 0.000

Type  : Fast 1100mV 85C Model Hold 'clk_vga'
Slack : 1.958
TNS   : 0.000

Type  : Fast 1100mV 85C Model Minimum Pulse Width 'U1|VGA_MOD|VGA|mypll|altpll_component|auto_generated|generic_pll1~FRACTIONAL_PLL|vcoph[0]'
Slack : 1.666
TNS   : 0.000

Type  : Fast 1100mV 85C Model Minimum Pulse Width 'CLOCK_50'
Slack : 8.509
TNS   : 0.000

Type  : Fast 1100mV 85C Model Minimum Pulse Width 'U1|VGA_MOD|VGA|mypll|altpll_component|auto_generated|generic_pll1~PLL_OUTPUT_COUNTER|divclk'
Slack : 18.875
TNS   : 0.000

Type  : Fast 1100mV 0C Model Setup 'clk_vga'
Slack : -6.255
TNS   : -148.891

Type  : Fast 1100mV 0C Model Setup 'CLOCK_50'
Slack : 12.611
TNS   : 0.000

Type  : Fast 1100mV 0C Model Setup 'U1|VGA_MOD|VGA|mypll|altpll_component|auto_generated|generic_pll1~PLL_OUTPUT_COUNTER|divclk'
Slack : 37.570
TNS   : 0.000

Type  : Fast 1100mV 0C Model Hold 'CLOCK_50'
Slack : 0.169
TNS   : 0.000

Type  : Fast 1100mV 0C Model Hold 'U1|VGA_MOD|VGA|mypll|altpll_component|auto_generated|generic_pll1~PLL_OUTPUT_COUNTER|divclk'
Slack : 0.229
TNS   : 0.000

Type  : Fast 1100mV 0C Model Hold 'clk_vga'
Slack : 1.676
TNS   : 0.000

Type  : Fast 1100mV 0C Model Minimum Pulse Width 'U1|VGA_MOD|VGA|mypll|altpll_component|auto_generated|generic_pll1~FRACTIONAL_PLL|vcoph[0]'
Slack : 1.666
TNS   : 0.000

Type  : Fast 1100mV 0C Model Minimum Pulse Width 'CLOCK_50'
Slack : 8.460
TNS   : 0.000

Type  : Fast 1100mV 0C Model Minimum Pulse Width 'U1|VGA_MOD|VGA|mypll|altpll_component|auto_generated|generic_pll1~PLL_OUTPUT_COUNTER|divclk'
Slack : 18.879
TNS   : 0.000

------------------------------------------------------------
